rbac should match snapshot:
  1: |
    apiVersion: v1
    kind: ServiceAccount
    metadata:
      annotations:
        bar: baz-annotation
        foo: bar-annotation
        helm.sh/hook: pre-upgrade
        helm.sh/hook-weight: "1"
      labels:
        app.kubernetes.io/component: feeds
        app.kubernetes.io/instance: test-release
        app.kubernetes.io/managed-by: Helm
        app.kubernetes.io/name: test-release-feeds
        app.kubernetes.io/part-of: anchore
        app.kubernetes.io/version: 9.9.9
        bar: baz-label
        foo: bar-label
        helm.sh/chart: feeds-9.9.9
      name: test-release-feeds-upgrade-sa
      namespace: test-namespace
  2: |
    apiVersion: rbac.authorization.k8s.io/v1
    kind: RoleBinding
    metadata:
      annotations:
        bar: baz-annotation
        foo: bar-annotation
        helm.sh/hook: pre-upgrade
        helm.sh/hook-weight: "1"
      labels:
        app.kubernetes.io/component: feeds
        app.kubernetes.io/instance: test-release
        app.kubernetes.io/managed-by: Helm
        app.kubernetes.io/name: test-release-feeds
        app.kubernetes.io/part-of: anchore
        app.kubernetes.io/version: 9.9.9
        bar: baz-label
        foo: bar-label
        helm.sh/chart: feeds-9.9.9
      name: test-release-feeds-upgrade-role-binding
      namespace: test-namespace
    roleRef:
      apiGroup: rbac.authorization.k8s.io
      kind: Role
      name: test-release-feeds-upgrade-role
    subjects:
      - kind: ServiceAccount
        name: test-release-feeds-upgrade-sa
        namespace: test-namespace
  3: |
    apiVersion: rbac.authorization.k8s.io/v1
    kind: Role
    metadata:
      annotations:
        bar: baz-annotation
        foo: bar-annotation
        helm.sh/hook: pre-upgrade
        helm.sh/hook-weight: "1"
      labels:
        app.kubernetes.io/component: feeds
        app.kubernetes.io/instance: test-release
        app.kubernetes.io/managed-by: Helm
        app.kubernetes.io/name: test-release-feeds
        app.kubernetes.io/part-of: anchore
        app.kubernetes.io/version: 9.9.9
        bar: baz-label
        foo: bar-label
        helm.sh/chart: feeds-9.9.9
      name: test-release-feeds-upgrade-role
      namespace: test-namespace
    rules:
      - apiGroups:
          - extensions
          - apps
        resources:
          - deployments
        verbs:
          - get
          - list
          - watch
          - update
          - patch
      - apiGroups:
          - apps
        resources:
          - deployments/scale
        verbs:
          - patch
      - apiGroups:
          - ""
        resources:
          - pods
        verbs:
          - watch
          - list
          - get
should render proper initContainers:
  1: |
    - args:
        - |
          kubectl scale deployments --all --replicas=0 -l app.kubernetes.io/name=test-release-feeds;
          while [[ $(kubectl get pods -l app.kubernetes.io/name=test-release-feeds --field-selector=status.phase=Running --no-headers | tee /dev/stderr | wc -l) -gt 0 ]]; do
            echo 'waiting for pods to go down...' && sleep 5;
          done
      command:
        - /bin/bash
        - -c
      image: bitnami/kubectl:1.27
      name: scale-down-anchore
    - args:
        - |
          while true; do
            CONNSTR=postgresql://"${ANCHORE_FEEDS_DB_USER}":"${ANCHORE_FEEDS_DB_PASSWORD}"@"${ANCHORE_FEEDS_DB_HOST}":"${ANCHORE_FEEDS_DB_PORT}"/"${ANCHORE_FEEDS_DB_NAME}"
            if [[ ${ANCHORE_FEEDS_DB_SSL_MODE} != null ]]; then
              CONNSTR=${CONNSTR}?sslmode=${ANCHORE_FEEDS_DB_SSL_MODE}
            fi
            if [[ ${ANCHORE_FEEDS_DB_SSL_ROOT_CERT} != null ]]; then
              CONNSTR=${CONNSTR}&sslrootcert=/home/anchore/certs/${ANCHORE_FEEDS_DB_SSL_ROOT_CERT}
            fi
            err=$(anchore-enterprise-manager db --db-connect ${CONNSTR} pre-upgrade-check 2>&1 > /dev/null)
            if [[ !$err ]]; then
              echo "Database is ready"
              exit 0
            fi
            echo "Database is not ready yet, sleeping 10 seconds..."
            sleep 10
          done
      command:
        - /bin/bash
        - -c
      env:
        - name: foo
          value: bar
        - name: bar
          value: baz
        - name: ANCHORE_HOST_ID
          valueFrom:
            fieldRef:
              fieldPath: metadata.name
        - name: ANCHORE_ENDPOINT_HOSTNAME
          value: test-release-feeds
        - name: ANCHORE_PORT
          value: "8448"
      image: docker.io/anchore/enterprise:v5.1.1
      imagePullPolicy: IfNotPresent
      name: wait-for-db
