should render the configmaps for osaa migration if enabled:
  1: |
    apiVersion: v1
    data:
      config.yaml: "# Anchore Service Configuration File, mounted from a configmap\n#\nservice_dir: ${ANCHORE_SERVICE_DIR}\ntmp_dir: ${ANCHORE_TMP_DIR}\nlog_level: ${ANCHORE_LOG_LEVEL} # Deprecated - prefer use of logging.log_level\n\nlogging:\n  colored_logging: false\n  exception_backtrace_logging: false\n  exception_diagnose_logging: false\n  file_retention_rule: 10\n  file_rotation_rule: 10 MB\n  log_level: <ALLOW_API_CONFIGURATION>\n  server_access_logging: true\n  server_log_level: info\n  server_response_debug_logging: false\n  structured_logging: false\n\nserver:\n  max_connection_backlog: 2048\n  max_wsgi_middleware_worker_count: 50\n  max_wsgi_middleware_worker_queue_size: 100\n  timeout_graceful_shutdown: false\n  timeout_keep_alive: 5\n\nallow_awsecr_iam_auto: ${ANCHORE_ALLOW_ECR_IAM_AUTO}\nhost_id: \"${ANCHORE_HOST_ID}\"\ninternal_ssl_verify: ${ANCHORE_INTERNAL_SSL_VERIFY}\nimage_analyze_timeout_seconds: ${ANCHORE_IMAGE_ANALYZE_TIMEOUT_SECONDS}\n\nglobal_client_connect_timeout: ${ANCHORE_GLOBAL_CLIENT_CONNECT_TIMEOUT}\nglobal_client_read_timeout: ${ANCHORE_GLOBAL_CLIENT_READ_TIMEOUT}\nserver_request_timeout_seconds: ${ANCHORE_GLOBAL_SERVER_REQUEST_TIMEOUT_SEC}\n\nlicense_file: ${ANCHORE_LICENSE_FILE}\nauto_restart_services: false\n\nmax_source_import_size_mb: ${ANCHORE_MAX_IMPORT_SOURCE_SIZE_MB}\nmax_import_content_size_mb: ${ANCHORE_MAX_IMPORT_CONTENT_SIZE_MB}\n\nmax_compressed_image_size_mb: ${ANCHORE_MAX_COMPRESSED_IMAGE_SIZE_MB}\n\naudit:\n  enabled: true\n  mode: log\n  verbs:\n    - post\n    - put\n    - delete\n    - patch\n  resource_uris:\n    - \"/accounts\"\n    - \"/accounts/{account_name}\"\n    - \"/accounts/{account_name}/state\"\n    - \"/accounts/{account_name}/users\"\n    - \"/accounts/{account_name}/users/{username}\"\n    - \"/accounts/{account_name}/users/{username}/api-keys\"\n    - \"/accounts/{account_name}/users/{username}/api-keys/{key_name}\"\n    - \"/accounts/{account_name}/users/{username}/credentials\"\n    - \"/rbac-manager/roles\"\n    - \"/rbac-manager/roles/{role_name}/members\"\n    - \"/rbac-manager/saml/idps\"\n    - \"/rbac-manager/saml/idps/{name}\"\n    - \"/rbac-manager/saml/idps/{name}/user-group-mappings\"\n    - \"/system/user-groups\"\n    - \"/system/user-groups/{group_uuid}\"\n    - \"/system/user-groups/{group_uuid}/roles\"\n    - \"/system/user-groups/{group_uuid}/users\"\n    - \"/user/api-keys\"\n    - \"/user/api-keys/{key_name}\"\n    - \"/user/credentials\"\n\nmetrics:\n  enabled: ${ANCHORE_ENABLE_METRICS}\n  auth_disabled: ${ANCHORE_DISABLE_METRICS_AUTH}\n\nwebhooks:\n  {}\n\ndefault_admin_password: \"${ANCHORE_ADMIN_PASSWORD}\"\ndefault_admin_email: ${ANCHORE_ADMIN_EMAIL}\n\nconfiguration: \n  api_driven_configuration_enabled: ${ANCHORE_API_DRIVEN_CONFIGURATION_ENABLED}\n\nkeys:\n  secret: \"${ANCHORE_SAML_SECRET}\"\n  public_key_path: ${ANCHORE_AUTH_PRIVKEY}\n  private_key_path: ${ANCHORE_AUTH_PUBKEY}\n\nuser_authentication:\n  oauth:\n    enabled: ${ANCHORE_OAUTH_ENABLED}\n    default_token_expiration_seconds: ${ANCHORE_OAUTH_TOKEN_EXPIRATION}\n    refresh_token_expiration_seconds: ${ANCHORE_OAUTH_REFRESH_TOKEN_EXPIRATION}\n  hashed_passwords: ${ANCHORE_AUTH_ENABLE_HASHED_PASSWORDS}\n  sso_require_existing_users: ${ANCHORE_SSO_REQUIRES_EXISTING_USERS}\n  allow_api_keys_for_saml_users: false\n  max_api_key_age_days: 365\n  max_api_keys_per_user: 100\n  remove_deleted_user_api_keys_older_than_days: 365\n  disallow_native_users: false\n  log_saml_assertions: false\ncredentials:\n  database:\n    user: \"${ANCHORE_DB_USER}\"\n    password: \"${ANCHORE_DB_PASSWORD}\"\n    host: \"${ANCHORE_DB_HOST}\"\n    port: \"${ANCHORE_DB_PORT}\"\n    name: \"${ANCHORE_DB_NAME}\"\n    db_connect_args:\n      timeout: ${ANCHORE_DB_TIMEOUT}\n      ssl: ${ANCHORE_DB_SSL}\n    db_pool_size: ${ANCHORE_DB_POOL_SIZE}\n    db_pool_max_overflow: ${ANCHORE_DB_POOL_MAX_OVERFLOW}\n\naccount_gc:\n  max_resource_gc_chunk: 4096\n  max_deletion_threads: 4\n\nservices:\n  apiext:\n    enabled: true\n    require_auth: true\n    endpoint_hostname: ${ANCHORE_ENDPOINT_HOSTNAME}\n    max_request_threads: ${ANCHORE_MAX_REQUEST_THREADS}\n    listen: '0.0.0.0'\n    port: ${ANCHORE_PORT}\n    ssl_enable: ${ANCHORE_SSL_ENABLED}\n    ssl_cert: ${ANCHORE_SSL_CERT}\n    ssl_key: ${ANCHORE_SSL_KEY}\n\n  analyzer:\n    enabled: true\n    require_auth: true\n    endpoint_hostname: ${ANCHORE_ENDPOINT_HOSTNAME}\n    listen: '0.0.0.0'\n    port: ${ANCHORE_PORT}\n    max_request_threads: ${ANCHORE_MAX_REQUEST_THREADS}\n    cycle_timer_seconds: 1\n    cycle_timers:\n      image_analyzer: 1\n    analyzer_driver: 'nodocker'\n    layer_cache_enable: ${ANCHORE_LAYER_CACHE_ENABLED}\n    layer_cache_max_gigabytes: ${ANCHORE_LAYER_CACHE_SIZE_GB}\n    enable_hints: ${ANCHORE_HINTS_ENABLED}\n    enable_owned_package_filtering: ${ANCHORE_OWNED_PACKAGE_FILTERING_ENABLED}\n    keep_image_analysis_tmpfiles: ${ANCHORE_KEEP_IMAGE_ANALYSIS_TMPFILES}\n    ssl_enable: ${ANCHORE_SSL_ENABLED}\n    ssl_cert: ${ANCHORE_SSL_CERT}\n    ssl_key: ${ANCHORE_SSL_KEY}\n\n  catalog:\n    enabled: true\n    require_auth: true\n    endpoint_hostname: ${ANCHORE_ENDPOINT_HOSTNAME}\n    listen: '0.0.0.0'\n    port: ${ANCHORE_PORT}\n    max_request_threads: ${ANCHORE_MAX_REQUEST_THREADS}\n    account_prometheus_metrics: false\n    cycle_timer_seconds: 1\n    cycle_timers:\n      analyzer_queue: 1\n      archive_tasks: 43200\n      artifact_lifecycle_policy_tasks: 43200\n      events_gc: 43200\n      image_gc: 60\n      image_watcher: 3600\n      k8s_image_watcher: 150\n      notifications: 30\n      policy_bundle_sync: 300\n      policy_eval: 3600\n      repo_watcher: 60\n      resource_metrics: 60\n      service_watcher: 15\n      vulnerability_scan: 14400\n    event_log:\n      max_retention_age_days: 180\n      notification:\n        enabled: false\n        level:\n        - error\n    runtime_inventory:\n      inventory_ttl_days: ${ANCHORE_ENTERPRISE_RUNTIME_INVENTORY_TTL_DAYS}\n      inventory_ingest_overwrite: ${ANCHORE_ENTERPRISE_RUNTIME_INVENTORY_INGEST_OVERWRITE}\n    integrations:\n      integration_health_report_ttl_days: ${ANCHORE_ENTERPRISE_INTEGRATION_HEALTH_REPORTS_TTL_DAYS}\n    image_gc:\n      max_worker_threads: ${ANCHORE_CATALOG_IMAGE_GC_WORKERS}\n    runtime_compliance:\n      object_store_bucket: \"runtime_compliance_check\"\n    down_analyzer_task_requeue: ${ANCHORE_ANALYZER_TASK_REQUEUE}\n    import_operation_expiration_days: ${ANCHORE_IMPORT_OPERATION_EXPIRATION_DAYS}\n    analysis_archive:\n      {}\n    object_store:\n      compression:\n        enabled: true\n        min_size_kbytes: 100\n      storage_driver:\n        config: {}\n        name: db\n      verify_content_digests: true\n    ssl_enable: ${ANCHORE_SSL_ENABLED}\n    ssl_cert: ${ANCHORE_SSL_CERT}\n    ssl_key: ${ANCHORE_SSL_KEY}\n\n  simplequeue:\n    enabled: true\n    require_auth: true\n    endpoint_hostname: ${ANCHORE_ENDPOINT_HOSTNAME}\n    listen: '0.0.0.0'\n    port: ${ANCHORE_PORT}\n    max_request_threads: ${ANCHORE_MAX_REQUEST_THREADS}\n    ssl_enable: ${ANCHORE_SSL_ENABLED}\n    ssl_cert: ${ANCHORE_SSL_CERT}\n    ssl_key: ${ANCHORE_SSL_KEY}\n\n  policy_engine:\n    enabled: true\n    require_auth: true\n    max_request_threads: ${ANCHORE_MAX_REQUEST_THREADS}\n    endpoint_hostname: ${ANCHORE_ENDPOINT_HOSTNAME}\n    listen: '0.0.0.0'\n    port: ${ANCHORE_PORT}\n    policy_evaluation_cache_ttl: ${ANCHORE_POLICY_EVAL_CACHE_TTL_SECONDS}\n    enable_package_db_load: ${ANCHORE_POLICY_ENGINE_ENABLE_PACKAGE_DB_LOAD}\n    enable_user_base_image: true\n    vulnerabilities:\n      sync:\n        enabled: true\n        ssl_verify: ${ANCHORE_FEEDS_SSL_VERIFY}\n        connection_timeout_seconds: 3\n        read_timeout_seconds: 60\n        data:\n          grypedb:\n            enabled: true\n      matching:\n        exclude:\n          providers: []\n          package_types: []\n        default:\n          search:\n            by_cpe:\n              enabled: ${ANCHORE_VULN_MATCHING_DEFAULT_SEARCH_BY_CPE_ENABLED}\n        ecosystem_specific:\n          dotnet:\n            search:\n              by_cpe:\n                enabled: ${ANCHORE_VULN_MATCHING_ECOSYSTEM_SPECIFIC_DOTNET_SEARCH_BY_CPE_ENABLED}\n          golang:\n            search:\n              by_cpe:\n                enabled: ${ANCHORE_VULN_MATCHING_ECOSYSTEM_SPECIFIC_GOLANG_SEARCH_BY_CPE_ENABLED}\n          java:\n            search:\n              by_cpe:\n                enabled: ${ANCHORE_VULN_MATCHING_ECOSYSTEM_SPECIFIC_JAVA_SEARCH_BY_CPE_ENABLED}\n          javascript:\n            search:\n              by_cpe:\n                enabled: ${ANCHORE_VULN_MATCHING_ECOSYSTEM_SPECIFIC_JAVASCRIPT_SEARCH_BY_CPE_ENABLED}\n          python:\n            search:\n              by_cpe:\n                enabled: ${ANCHORE_VULN_MATCHING_ECOSYSTEM_SPECIFIC_PYTHON_SEARCH_BY_CPE_ENABLED}\n          ruby:\n            search:\n              by_cpe:\n                enabled: ${ANCHORE_VULN_MATCHING_ECOSYSTEM_SPECIFIC_RUBY_SEARCH_BY_CPE_ENABLED}\n          stock:\n            search:\n              by_cpe:\n                # Disabling search by CPE for the stock matcher will entirely disable binary-only matches and is not advised\n                enabled: ${ANCHORE_VULN_MATCHING_ECOSYSTEM_SPECIFIC_STOCK_SEARCH_BY_CPE_ENABLED}\n    ssl_enable: ${ANCHORE_SSL_ENABLED}\n    ssl_cert: ${ANCHORE_SSL_CERT}\n    ssl_key: ${ANCHORE_SSL_KEY}\n\n  reports:\n    enabled: true\n    require_auth: true\n    endpoint_hostname: ${ANCHORE_ENDPOINT_HOSTNAME}\n    listen: '0.0.0.0'\n    port: ${ANCHORE_PORT}\n    max_request_threads: ${ANCHORE_MAX_REQUEST_THREADS}\n    enable_graphiql: ${ANCHORE_ENTERPRISE_REPORTS_ENABLE_GRAPHIQL}\n    cycle_timers:\n      reports_scheduled_queries: 600\n    max_async_execution_threads: ${ANCHORE_ENTERPRISE_REPORTS_MAX_ASYNC_EXECUTION_THREADS}\n    async_execution_timeout: ${ANCHORE_ENTERPRISE_REPORTS_ASYNC_EXECUTION_TIMEOUT}\n    ssl_enable: ${ANCHORE_SSL_ENABLED}\n    ssl_cert: ${ANCHORE_SSL_CERT}\n    ssl_key: ${ANCHORE_SSL_KEY}\n    use_volume: false\n\n  reports_worker:\n    enabled: true\n    require_auth: true\n    endpoint_hostname: ${ANCHORE_ENDPOINT_HOSTNAME}\n    listen: '0.0.0.0'\n    port: ${ANCHORE_PORT}\n    max_request_threads: ${ANCHORE_MAX_REQUEST_THREADS}\n    enable_data_ingress: ${ANCHORE_ENTERPRISE_REPORTS_ENABLE_DATA_INGRESS}\n    enable_data_egress: ${ANCHORE_ENTERPRISE_REPORTS_ENABLE_DATA_EGRESS}\n    data_egress_window: ${ANCHORE_ENTERPRISE_REPORTS_DATA_EGRESS_WINDOW}\n    data_refresh_max_workers: ${ANCHORE_ENTERPRISE_REPORTS_DATA_REFRESH_MAX_WORKERS}\n    data_load_max_workers: ${ANCHORE_ENTERPRISE_REPORTS_DATA_LOAD_MAX_WORKERS}\n    cycle_timers:\n      reports_extended_runtime_vuln_load: 1800\n      reports_image_egress: 600\n      reports_image_load: 600\n      reports_image_refresh: 7200\n      reports_metrics: 3600\n      reports_runtime_inventory_load: 600\n      reports_tag_egress: 600\n      reports_tag_load: 600\n      reports_tag_refresh: 7200\n    runtime_report_generation:\n      use_legacy_loaders_and_queries: false\n      inventory_images_by_vulnerability: true\n      vulnerabilities_by_k8s_namespace: ${ANCHORE_ENTERPRISE_REPORTS_VULNERABILITIES_BY_K8S_NAMESPACE}\n      vulnerabilities_by_k8s_container: ${ANCHORE_ENTERPRISE_REPORTS_VULNERABILITIES_BY_K8S_CONTAINER}\n      vulnerabilities_by_ecs_container: ${ANCHORE_ENTERPRISE_REPORTS_VULNERABILITIES_BY_ECS_CONTAINER}\n    ssl_enable: ${ANCHORE_SSL_ENABLED}\n    ssl_cert: ${ANCHORE_SSL_CERT}\n    ssl_key: ${ANCHORE_SSL_KEY}\n\n  notifications:\n    enabled: true\n    require_auth: true\n    endpoint_hostname: ${ANCHORE_ENDPOINT_HOSTNAME}\n    listen: '0.0.0.0'\n    port: ${ANCHORE_PORT}\n    max_request_threads: ${ANCHORE_MAX_REQUEST_THREADS}\n    cycle_timers:\n      notifications: 30\n    ui_url: ${ANCHORE_ENTERPRISE_UI_URL}\n    ssl_enable: ${ANCHORE_SSL_ENABLED}\n    ssl_cert: ${ANCHORE_SSL_CERT}\n    ssl_key: ${ANCHORE_SSL_KEY}\n\n  data_syncer:\n    enabled: true\n    require_auth: true\n    endpoint_hostname: ${ANCHORE_ENDPOINT_HOSTNAME}\n    listen: 0.0.0.0\n    port: ${ANCHORE_PORT}\n    auto_sync_enabled: ${ANCHORE_DATA_SYNC_AUTO_SYNC_ENABLED}\n    upload_dir: /analysis_scratch\n    datasets:\n      vulnerability_db:\n        versions: [\"5\"]\n      clamav_db:\n        versions: [\"1\"]\n      kev_db:\n        versions: [\"1\"]\n    ssl_enable: ${ANCHORE_SSL_ENABLED}\n    ssl_cert: ${ANCHORE_SSL_CERT}\n    ssl_key: ${ANCHORE_SSL_KEY}\n"
    kind: ConfigMap
    metadata:
      annotations:
        bar: baz
        foo: bar
      labels:
        app.kubernetes.io/instance: test-release
        app.kubernetes.io/managed-by: Helm
        app.kubernetes.io/name: test-release-enterprise
        app.kubernetes.io/part-of: anchore
        app.kubernetes.io/version: 9.9.9
        bar: baz
        foo: bar
        helm.sh/chart: enterprise-9.9.9
      name: test-release-enterprise
      namespace: test-namespace
  2: |
    apiVersion: v1
    data:
      config.yaml: "# Anchore Object Store and Analysis Archive Migration configuration file, mounted from a configmap\n#\nservice_dir: ${ANCHORE_SERVICE_DIR}\ntmp_dir: ${ANCHORE_TMP_DIR}\nlog_level: ${ANCHORE_LOG_LEVEL} # Deprecated - prefer use of logging.log_level\n\nlogging:\n  colored_logging: false\n  exception_backtrace_logging: false\n  exception_diagnose_logging: false\n  file_retention_rule: 10\n  file_rotation_rule: 10 MB\n  log_level: <ALLOW_API_CONFIGURATION>\n  server_access_logging: true\n  server_log_level: info\n  server_response_debug_logging: false\n  structured_logging: false\n\nserver:\n  max_connection_backlog: 2048\n  max_wsgi_middleware_worker_count: 50\n  max_wsgi_middleware_worker_queue_size: 100\n  timeout_graceful_shutdown: false\n  timeout_keep_alive: 5\n\nallow_awsecr_iam_auto: ${ANCHORE_ALLOW_ECR_IAM_AUTO}\nhost_id: \"${ANCHORE_HOST_ID}\"\ninternal_ssl_verify: ${ANCHORE_INTERNAL_SSL_VERIFY}\nimage_analyze_timeout_seconds: ${ANCHORE_IMAGE_ANALYZE_TIMEOUT_SECONDS}\n\nglobal_client_connect_timeout: ${ANCHORE_GLOBAL_CLIENT_CONNECT_TIMEOUT}\nglobal_client_read_timeout: ${ANCHORE_GLOBAL_CLIENT_READ_TIMEOUT}\nserver_request_timeout_seconds: ${ANCHORE_GLOBAL_SERVER_REQUEST_TIMEOUT_SEC}\n\nlicense_file: ${ANCHORE_LICENSE_FILE}\nauto_restart_services: false\n\nmax_source_import_size_mb: ${ANCHORE_MAX_IMPORT_SOURCE_SIZE_MB}\nmax_import_content_size_mb: ${ANCHORE_MAX_IMPORT_CONTENT_SIZE_MB}\n\nmax_compressed_image_size_mb: ${ANCHORE_MAX_COMPRESSED_IMAGE_SIZE_MB}\n\naudit:\n  enabled: true\n  mode: log\n  verbs:\n    - post\n    - put\n    - delete\n    - patch\n  resource_uris:\n    - \"/accounts\"\n    - \"/accounts/{account_name}\"\n    - \"/accounts/{account_name}/state\"\n    - \"/accounts/{account_name}/users\"\n    - \"/accounts/{account_name}/users/{username}\"\n    - \"/accounts/{account_name}/users/{username}/api-keys\"\n    - \"/accounts/{account_name}/users/{username}/api-keys/{key_name}\"\n    - \"/accounts/{account_name}/users/{username}/credentials\"\n    - \"/rbac-manager/roles\"\n    - \"/rbac-manager/roles/{role_name}/members\"\n    - \"/rbac-manager/saml/idps\"\n    - \"/rbac-manager/saml/idps/{name}\"\n    - \"/rbac-manager/saml/idps/{name}/user-group-mappings\"\n    - \"/system/user-groups\"\n    - \"/system/user-groups/{group_uuid}\"\n    - \"/system/user-groups/{group_uuid}/roles\"\n    - \"/system/user-groups/{group_uuid}/users\"\n    - \"/user/api-keys\"\n    - \"/user/api-keys/{key_name}\"\n    - \"/user/credentials\"\n\nmetrics:\n  enabled: ${ANCHORE_ENABLE_METRICS}\n  auth_disabled: ${ANCHORE_DISABLE_METRICS_AUTH}\n\nwebhooks:\n  {}\n\ndefault_admin_password: \"${ANCHORE_ADMIN_PASSWORD}\"\ndefault_admin_email: ${ANCHORE_ADMIN_EMAIL}\n\nconfiguration: \n  api_driven_configuration_enabled: ${ANCHORE_API_DRIVEN_CONFIGURATION_ENABLED}\n\nkeys:\n  secret: \"${ANCHORE_SAML_SECRET}\"\n  public_key_path: ${ANCHORE_AUTH_PRIVKEY}\n  private_key_path: ${ANCHORE_AUTH_PUBKEY}\n\nuser_authentication:\n  oauth:\n    enabled: ${ANCHORE_OAUTH_ENABLED}\n    default_token_expiration_seconds: ${ANCHORE_OAUTH_TOKEN_EXPIRATION}\n    refresh_token_expiration_seconds: ${ANCHORE_OAUTH_REFRESH_TOKEN_EXPIRATION}\n  hashed_passwords: ${ANCHORE_AUTH_ENABLE_HASHED_PASSWORDS}\n  sso_require_existing_users: ${ANCHORE_SSO_REQUIRES_EXISTING_USERS}\n  allow_api_keys_for_saml_users: false\n  max_api_key_age_days: 365\n  max_api_keys_per_user: 100\n  remove_deleted_user_api_keys_older_than_days: 365\n  disallow_native_users: false\n  log_saml_assertions: false\ncredentials:\n  database:\n    user: \"${ANCHORE_DB_USER}\"\n    password: \"${ANCHORE_DB_PASSWORD}\"\n    host: \"${ANCHORE_DB_HOST}\"\n    port: \"${ANCHORE_DB_PORT}\"\n    name: \"${ANCHORE_DB_NAME}\"\n    db_connect_args:\n      timeout: ${ANCHORE_DB_TIMEOUT}\n      ssl: ${ANCHORE_DB_SSL}\n    db_pool_size: ${ANCHORE_DB_POOL_SIZE}\n    db_pool_max_overflow: ${ANCHORE_DB_POOL_MAX_OVERFLOW}\n\naccount_gc:\n  max_resource_gc_chunk: 4096\n  max_deletion_threads: 4\n\nservices:\n  apiext:\n    enabled: true\n    require_auth: true\n    endpoint_hostname: ${ANCHORE_ENDPOINT_HOSTNAME}\n    max_request_threads: ${ANCHORE_MAX_REQUEST_THREADS}\n    listen: '0.0.0.0'\n    port: ${ANCHORE_PORT}\n    ssl_enable: ${ANCHORE_SSL_ENABLED}\n    ssl_cert: ${ANCHORE_SSL_CERT}\n    ssl_key: ${ANCHORE_SSL_KEY}\n\n  analyzer:\n    enabled: true\n    require_auth: true\n    endpoint_hostname: ${ANCHORE_ENDPOINT_HOSTNAME}\n    listen: '0.0.0.0'\n    port: ${ANCHORE_PORT}\n    max_request_threads: ${ANCHORE_MAX_REQUEST_THREADS}\n    cycle_timer_seconds: 1\n    cycle_timers:\n      image_analyzer: 1\n    analyzer_driver: 'nodocker'\n    layer_cache_enable: ${ANCHORE_LAYER_CACHE_ENABLED}\n    layer_cache_max_gigabytes: ${ANCHORE_LAYER_CACHE_SIZE_GB}\n    enable_hints: ${ANCHORE_HINTS_ENABLED}\n    enable_owned_package_filtering: ${ANCHORE_OWNED_PACKAGE_FILTERING_ENABLED}\n    keep_image_analysis_tmpfiles: ${ANCHORE_KEEP_IMAGE_ANALYSIS_TMPFILES}\n    ssl_enable: ${ANCHORE_SSL_ENABLED}\n    ssl_cert: ${ANCHORE_SSL_CERT}\n    ssl_key: ${ANCHORE_SSL_KEY}\n\n  catalog:\n    enabled: true\n    require_auth: true\n    endpoint_hostname: ${ANCHORE_ENDPOINT_HOSTNAME}\n    listen: '0.0.0.0'\n    port: ${ANCHORE_PORT}\n    max_request_threads: ${ANCHORE_MAX_REQUEST_THREADS}\n    account_prometheus_metrics: false\n    cycle_timer_seconds: 1\n    cycle_timers:\n      analyzer_queue: 1\n      archive_tasks: 43200\n      artifact_lifecycle_policy_tasks: 43200\n      events_gc: 43200\n      image_gc: 60\n      image_watcher: 3600\n      k8s_image_watcher: 150\n      notifications: 30\n      policy_bundle_sync: 300\n      policy_eval: 3600\n      repo_watcher: 60\n      resource_metrics: 60\n      service_watcher: 15\n      vulnerability_scan: 14400\n    event_log:\n      max_retention_age_days: 180\n      notification:\n        enabled: false\n        level:\n        - error\n    runtime_inventory:\n      inventory_ttl_days: ${ANCHORE_ENTERPRISE_RUNTIME_INVENTORY_TTL_DAYS}\n      inventory_ingest_overwrite: ${ANCHORE_ENTERPRISE_RUNTIME_INVENTORY_INGEST_OVERWRITE}\n    integrations:\n      integration_health_report_ttl_days: ${ANCHORE_ENTERPRISE_INTEGRATION_HEALTH_REPORTS_TTL_DAYS}\n    image_gc:\n      max_worker_threads: ${ANCHORE_CATALOG_IMAGE_GC_WORKERS}\n    runtime_compliance:\n      object_store_bucket: \"runtime_compliance_check\"\n    down_analyzer_task_requeue: ${ANCHORE_ANALYZER_TASK_REQUEUE}\n    import_operation_expiration_days: ${ANCHORE_IMPORT_OPERATION_EXPIRATION_DAYS}\n    analysis_archive:\n      compression:\n        enabled: true\n        min_size_kbytes: 100\n      enabled: true\n      storage_driver:\n        config:\n          access_key: itsa\n          bucket: analysisarchive\n          region: null\n          secret_key: test\n          url: http://myminio.mynamespace.svc.cluster.local:9000\n        name: s3\n    object_store:\n      compression:\n        enabled: true\n        min_size_kbytes: 100\n      storage_driver:\n        config: {}\n        name: db\n      verify_content_digests: true\n    ssl_enable: ${ANCHORE_SSL_ENABLED}\n    ssl_cert: ${ANCHORE_SSL_CERT}\n    ssl_key: ${ANCHORE_SSL_KEY}\n\n  simplequeue:\n    enabled: true\n    require_auth: true\n    endpoint_hostname: ${ANCHORE_ENDPOINT_HOSTNAME}\n    listen: '0.0.0.0'\n    port: ${ANCHORE_PORT}\n    max_request_threads: ${ANCHORE_MAX_REQUEST_THREADS}\n    ssl_enable: ${ANCHORE_SSL_ENABLED}\n    ssl_cert: ${ANCHORE_SSL_CERT}\n    ssl_key: ${ANCHORE_SSL_KEY}\n\n  policy_engine:\n    enabled: true\n    require_auth: true\n    max_request_threads: ${ANCHORE_MAX_REQUEST_THREADS}\n    endpoint_hostname: ${ANCHORE_ENDPOINT_HOSTNAME}\n    listen: '0.0.0.0'\n    port: ${ANCHORE_PORT}\n    policy_evaluation_cache_ttl: ${ANCHORE_POLICY_EVAL_CACHE_TTL_SECONDS}\n    enable_package_db_load: ${ANCHORE_POLICY_ENGINE_ENABLE_PACKAGE_DB_LOAD}\n    enable_user_base_image: true\n    vulnerabilities:\n      sync:\n        enabled: true\n        ssl_verify: ${ANCHORE_FEEDS_SSL_VERIFY}\n        connection_timeout_seconds: 3\n        read_timeout_seconds: 60\n        data:\n          grypedb:\n            enabled: true\n      matching:\n        exclude:\n          providers: []\n          package_types: []\n        default:\n          search:\n            by_cpe:\n              enabled: ${ANCHORE_VULN_MATCHING_DEFAULT_SEARCH_BY_CPE_ENABLED}\n        ecosystem_specific:\n          dotnet:\n            search:\n              by_cpe:\n                enabled: ${ANCHORE_VULN_MATCHING_ECOSYSTEM_SPECIFIC_DOTNET_SEARCH_BY_CPE_ENABLED}\n          golang:\n            search:\n              by_cpe:\n                enabled: ${ANCHORE_VULN_MATCHING_ECOSYSTEM_SPECIFIC_GOLANG_SEARCH_BY_CPE_ENABLED}\n          java:\n            search:\n              by_cpe:\n                enabled: ${ANCHORE_VULN_MATCHING_ECOSYSTEM_SPECIFIC_JAVA_SEARCH_BY_CPE_ENABLED}\n          javascript:\n            search:\n              by_cpe:\n                enabled: ${ANCHORE_VULN_MATCHING_ECOSYSTEM_SPECIFIC_JAVASCRIPT_SEARCH_BY_CPE_ENABLED}\n          python:\n            search:\n              by_cpe:\n                enabled: ${ANCHORE_VULN_MATCHING_ECOSYSTEM_SPECIFIC_PYTHON_SEARCH_BY_CPE_ENABLED}\n          ruby:\n            search:\n              by_cpe:\n                enabled: ${ANCHORE_VULN_MATCHING_ECOSYSTEM_SPECIFIC_RUBY_SEARCH_BY_CPE_ENABLED}\n          stock:\n            search:\n              by_cpe:\n                # Disabling search by CPE for the stock matcher will entirely disable binary-only matches and is not advised\n                enabled: ${ANCHORE_VULN_MATCHING_ECOSYSTEM_SPECIFIC_STOCK_SEARCH_BY_CPE_ENABLED}\n    ssl_enable: ${ANCHORE_SSL_ENABLED}\n    ssl_cert: ${ANCHORE_SSL_CERT}\n    ssl_key: ${ANCHORE_SSL_KEY}\n\n  reports:\n    enabled: true\n    require_auth: true\n    endpoint_hostname: ${ANCHORE_ENDPOINT_HOSTNAME}\n    listen: '0.0.0.0'\n    port: ${ANCHORE_PORT}\n    max_request_threads: ${ANCHORE_MAX_REQUEST_THREADS}\n    enable_graphiql: ${ANCHORE_ENTERPRISE_REPORTS_ENABLE_GRAPHIQL}\n    cycle_timers:\n      reports_scheduled_queries: 600\n    max_async_execution_threads: ${ANCHORE_ENTERPRISE_REPORTS_MAX_ASYNC_EXECUTION_THREADS}\n    async_execution_timeout: ${ANCHORE_ENTERPRISE_REPORTS_ASYNC_EXECUTION_TIMEOUT}\n    ssl_enable: ${ANCHORE_SSL_ENABLED}\n    ssl_cert: ${ANCHORE_SSL_CERT}\n    ssl_key: ${ANCHORE_SSL_KEY}\n    use_volume: false\n\n  reports_worker:\n    enabled: true\n    require_auth: true\n    endpoint_hostname: ${ANCHORE_ENDPOINT_HOSTNAME}\n    listen: '0.0.0.0'\n    port: ${ANCHORE_PORT}\n    max_request_threads: ${ANCHORE_MAX_REQUEST_THREADS}\n    enable_data_ingress: ${ANCHORE_ENTERPRISE_REPORTS_ENABLE_DATA_INGRESS}\n    enable_data_egress: ${ANCHORE_ENTERPRISE_REPORTS_ENABLE_DATA_EGRESS}\n    data_egress_window: ${ANCHORE_ENTERPRISE_REPORTS_DATA_EGRESS_WINDOW}\n    data_refresh_max_workers: ${ANCHORE_ENTERPRISE_REPORTS_DATA_REFRESH_MAX_WORKERS}\n    data_load_max_workers: ${ANCHORE_ENTERPRISE_REPORTS_DATA_LOAD_MAX_WORKERS}\n    cycle_timers:\n      reports_extended_runtime_vuln_load: 1800\n      reports_image_egress: 600\n      reports_image_load: 600\n      reports_image_refresh: 7200\n      reports_metrics: 3600\n      reports_runtime_inventory_load: 600\n      reports_tag_egress: 600\n      reports_tag_load: 600\n      reports_tag_refresh: 7200\n    runtime_report_generation:\n      use_legacy_loaders_and_queries: false\n      inventory_images_by_vulnerability: true\n      vulnerabilities_by_k8s_namespace: ${ANCHORE_ENTERPRISE_REPORTS_VULNERABILITIES_BY_K8S_NAMESPACE}\n      vulnerabilities_by_k8s_container: ${ANCHORE_ENTERPRISE_REPORTS_VULNERABILITIES_BY_K8S_CONTAINER}\n      vulnerabilities_by_ecs_container: ${ANCHORE_ENTERPRISE_REPORTS_VULNERABILITIES_BY_ECS_CONTAINER}\n    ssl_enable: ${ANCHORE_SSL_ENABLED}\n    ssl_cert: ${ANCHORE_SSL_CERT}\n    ssl_key: ${ANCHORE_SSL_KEY}\n\n  notifications:\n    enabled: true\n    require_auth: true\n    endpoint_hostname: ${ANCHORE_ENDPOINT_HOSTNAME}\n    listen: '0.0.0.0'\n    port: ${ANCHORE_PORT}\n    max_request_threads: ${ANCHORE_MAX_REQUEST_THREADS}\n    cycle_timers:\n      notifications: 30\n    ui_url: ${ANCHORE_ENTERPRISE_UI_URL}\n    ssl_enable: ${ANCHORE_SSL_ENABLED}\n    ssl_cert: ${ANCHORE_SSL_CERT}\n    ssl_key: ${ANCHORE_SSL_KEY}\n\n  data_syncer:\n    enabled: true\n    require_auth: true\n    endpoint_hostname: ${ANCHORE_ENDPOINT_HOSTNAME}\n    listen: 0.0.0.0\n    port: ${ANCHORE_PORT}\n    auto_sync_enabled: ${ANCHORE_DATA_SYNC_AUTO_SYNC_ENABLED}\n    upload_dir: /analysis_scratch\n    datasets:\n      vulnerability_db:\n        versions: [\"5\"]\n      clamav_db:\n        versions: [\"1\"]\n      kev_db:\n        versions: [\"1\"]\n    ssl_enable: ${ANCHORE_SSL_ENABLED}\n    ssl_cert: ${ANCHORE_SSL_CERT}\n    ssl_key: ${ANCHORE_SSL_KEY}\n"
    kind: ConfigMap
    metadata:
      annotations:
        bar: baz
        foo: bar
        helm.sh/hook: pre-upgrade
        helm.sh/hook-weight: "0"
      labels:
        app.kubernetes.io/instance: test-release
        app.kubernetes.io/managed-by: Helm
        app.kubernetes.io/name: test-release-enterprise
        app.kubernetes.io/part-of: anchore
        app.kubernetes.io/version: 9.9.9
        bar: baz
        foo: bar
        helm.sh/chart: enterprise-9.9.9
      name: test-release-enterprise-999-osaa-migration-job
      namespace: test-namespace
